
============================================================
beforeinfo バックフィル 開始: 2026-07-29 21:21:38
対象期間: 2026-07-06 ～ 2026-07-14
設定: SLEEP=7～14s(ランダム) / 日次休憩90～180s / IPブロック検知閾値=3連続エラー
============================================================

[2026-07-06] 開催会場チェック中...
  → 14会場 (桐生, 平和島, 多摩川, 蒲郡, 津, 住之江, 尼崎, 宮島, 徳山, 若松, 芦屋, 福岡, 唐津, 大村)
  [桐生] 1R 6選手 → 6件更新
  [桐生] 2R 6選手 → 6件更新
  [桐生] 3R 6選手 → 6件更新
  [桐生] 4R 6選手 → 6件更新
  [桐生] 5R 6選手 → 6件更新
  [桐生] 6R 6選手 → 6件更新
  [桐生] 7R 6選手 → 6件更新
  [桐生] 8R 6選手 → 6件更新
  [桐生] 9R 6選手 → 6件更新
  [桐生] 10R 6選手 → 6件更新
  [桐生] 11R 6選手 → 6件更新
  [桐生] 12R 6選手 → 6件更新
  [平和島] 1R 6選手 → 6件更新
  [平和島] 2R 6選手 → 6件更新
  [平和島] 3R 6選手 → 6件更新
  [平和島] 4R 6選手 → 6件更新
  [平和島] 5R 6選手 → 6件更新
  [平和島] 6R 6選手 → 6件更新
  [平和島] 7R 6選手 → 6件更新
  [平和島] 8R 6選手 → 6件更新
  [平和島] 9R 6選手 → 6件更新
  [平和島] 10R 6選手 → 6件更新
  [平和島] 11R 6選手 → 6件更新
  [平和島] 12R 6選手 → 6件更新
  [多摩川] 1R 6選手 → 6件更新
  [多摩川] 2R 6選手 → 6件更新
  [多摩川] 3R 6選手 → 6件更新
  [多摩川] 4R 6選手 → 6件更新
  [多摩川] 5R 6選手 → 6件更新
  [多摩川] 6R 6選手 → 6件更新
  [多摩川] 7R 6選手 → 6件更新
  [多摩川] 8R 6選手 → 6件更新
  [多摩川] 9R 6選手 → 6件更新
  [多摩川] 10R 6選手 → 6件更新
  [多摩川] 11R 6選手 → 6件更新
  [多摩川] 12R 6選手 → 6件更新
  [蒲郡] 1R 6選手 → 6件更新
  [蒲郡] 2R 6選手 → 6件更新
  [蒲郡] 3R 6選手 → 6件更新
  [蒲郡] 4R 6選手 → 6件更新
  [蒲郡] 5R 6選手 → 6件更新
  [蒲郡] 6R 6選手 → 6件更新
  [蒲郡] 7R 6選手 → 6件更新
  [蒲郡] 8R 6選手 → 6件更新
  [蒲郡] 9R 6選手 → 6件更新
  [蒲郡] 10R 6選手 → 6件更新
  [蒲郡] 11R 6選手 → 6件更新
  [蒲郡] 12R 6選手 → 6件更新
  [津] 1R 6選手 → 6件更新
  [津] 2R 6選手 → 6件更新
  [津] 3R 6選手 → 6件更新
  [津] 4R 6選手 → 6件更新
  [津] 5R 6選手 → 6件更新
  [津] 6R 6選手 → 6件更新
  [津] 7R 6選手 → 6件更新
  [津] 8R 6選手 → 6件更新
  [津] 9R 6選手 → 6件更新
  [津] 10R 6選手 → 6件更新
  [津] 11R 6選手 → 6件更新
  [津] 12R 6選手 → 6件更新
  [住之江] 1R 6選手 → 6件更新
  [住之江] 2R 6選手 → 6件更新
  [住之江] 3R 6選手 → 6件更新
  [住之江] 4R 6選手 → 6件更新
  [住之江] 5R 6選手 → 6件更新
  [住之江] 6R 6選手 → 6件更新
  [住之江] 7R 6選手 → 6件更新
  [住之江] 8R 6選手 → 6件更新
  [住之江] 9R 6選手 → 6件更新
  [住之江] 10R 6選手 → 6件更新
  [住之江] 11R 6選手 → 6件更新
  [住之江] 12R 6選手 → 6件更新
  [尼崎] 1R 6選手 → 6件更新
  [尼崎] 2R 6選手 → 6件更新
  [尼崎] 3R 6選手 → 6件更新
  [尼崎] 4R 6選手 → 6件更新
  [尼崎] 5R 6選手 → 6件更新
  [尼崎] 6R 6選手 → 6件更新
  [尼崎] 7R 6選手 → 6件更新
  [尼崎] 8R 6選手 → 6件更新
  [尼崎] 9R 6選手 → 6件更新
  [尼崎] 10R 6選手 → 6件更新
  [尼崎] 11R 6選手 → 6件更新
  [尼崎] 12R 6選手 → 6件更新
  [宮島] 1R データなし
  [宮島] 2R データなし
  [宮島] 3R データなし
  [宮島] 4R データなし
  [宮島] 5R データなし
  [宮島] 6R データなし
  [宮島] 7R データなし
  [宮島] 8R データなし
  [宮島] 9R データなし
  [宮島] 10R データなし
  [宮島] 11R データなし
  [宮島] 12R データなし
  [徳山] 1R 6選手 → 6件更新
  [徳山] 2R 6選手 → 6件更新
  [徳山] 3R 6選手 → 6件更新
  [徳山] 4R 6選手 → 6件更新
  [徳山] 5R 6選手 → 6件更新
  [徳山] 6R 6選手 → 6件更新
  [徳山] 7R 6選手 → 6件更新
  [徳山] 8R 6選手 → 6件更新
  [徳山] 9R 6選手 → 6件更新
  [徳山] 10R 6選手 → 6件更新
  [徳山] 11R 6選手 → 6件更新
  [徳山] 12R 6選手 → 6件更新
  [若松] 1R データなし
  [若松] 2R データなし
  [若松] 3R データなし
  [若松] 4R データなし
  [若松] 5R データなし
  [若松] 6R データなし
  [若松] 7R データなし
  [若松] 8R データなし
  [若松] 9R データなし
  [若松] 10R データなし
  [若松] 11R データなし
  [若松] 12R データなし
  [芦屋] 1R 6選手 → 6件更新
  [芦屋] 2R 6選手 → 6件更新
  [芦屋] 3R 6選手 → 6件更新
  [芦屋] 4R 6選手 → 6件更新
  [芦屋] 5R 6選手 → 6件更新
  [芦屋] 6R 6選手 → 6件更新
  [芦屋] 7R 6選手 → 6件更新
  [芦屋] 8R 6選手 → 6件更新
  [芦屋] 9R 6選手 → 6件更新
  [芦屋] 10R 6選手 → 6件更新
  [芦屋] 11R 6選手 → 6件更新
  [芦屋] 12R 6選手 → 6件更新
  [福岡] 1R 6選手 → 6件更新
  [福岡] 2R 6選手 → 6件更新
  [福岡] 3R 6選手 → 6件更新
  [福岡] 4R 6選手 → 6件更新
  [福岡] 5R 6選手 → 6件更新
  [福岡] 6R 6選手 → 6件更新
  [福岡] 7R 6選手 → 6件更新
  [福岡] 8R 6選手 → 6件更新
  [福岡] 9R 6選手 → 6件更新
  [福岡] 10R 6選手 → 6件更新
  [福岡] 11R 6選手 → 6件更新
  [福岡] 12R 6選手 → 6件更新
  [唐津] 1R データなし
  [唐津] 2R データなし
  [唐津] 3R データなし
  [唐津] 4R データなし
  [唐津] 5R データなし
  [唐津] 6R データなし
  [唐津] 7R データなし
  [唐津] 8R データなし
  [唐津] 9R データなし
  [唐津] 10R データなし
  [唐津] 11R データなし
  [唐津] 12R データなし
  [大村] 1R 6選手 → 6件更新
  [大村] 2R 6選手 → 6件更新
  [大村] 3R 6選手 → 6件更新
  [大村] 4R 6選手 → 6件更新
  [大村] 5R 6選手 → 6件更新
  [大村] 6R 6選手 → 6件更新
  [大村] 7R 6選手 → 6件更新
  [大村] 8R 6選手 → 6件更新
  [大村] 9R 6選手 → 6件更新
  [大村] 10R 6選手 → 6件更新
  [大村] 11R 6選手 → 6件更新
  [大村] 12R 6選手 → 6件更新
  [2026-07-06] 小計: 更新792件 / データなし36件

  [休憩] 164秒 待機中...

[2026-07-07] 開催会場チェック中...
  → 12会場 (桐生, 戸田, 平和島, 多摩川, 常滑, 三国, 琵琶湖, 住之江, 尼崎, 徳山, 若松, 大村)
  [桐生] 1R 6選手 → 6件更新
  [桐生] 2R 6選手 → 6件更新
  [桐生] 3R 6選手 → 6件更新
  [桐生] 4R 6選手 → 6件更新
  [桐生] 5R 6選手 → 6件更新
  [桐生] 6R 6選手 → 6件更新
  [桐生] 7R 6選手 → 6件更新
  [桐生] 8R 6選手 → 6件更新
  [桐生] 9R 6選手 → 6件更新
  [桐生] 10R 6選手 → 6件更新
  [桐生] 11R 6選手 → 6件更新
  [桐生] 12R 6選手 → 6件更新
  [戸田] 1R 6選手 → 6件更新
  [戸田] 2R 6選手 → 6件更新
  [戸田] 3R 6選手 → 6件更新
  [戸田] 4R 6選手 → 6件更新
  [戸田] 5R 6選手 → 6件更新
  [戸田] 6R 6選手 → 6件更新
  [戸田] 7R 6選手 → 6件更新
  [戸田] 8R 6選手 → 6件更新
  [戸田] 9R 6選手 → 6件更新
  [戸田] 10R 6選手 → 6件更新
  [戸田] 11R 6選手 → 6件更新
  [戸田] 12R 6選手 → 6件更新
  [平和島] 1R 6選手 → 6件更新
  [平和島] 2R 6選手 → 6件更新
  [平和島] 3R 6選手 → 6件更新
  [平和島] 4R 6選手 → 6件更新
  [平和島] 5R 6選手 → 6件更新
  [平和島] 6R 6選手 → 6件更新
  [平和島] 7R 6選手 → 6件更新
  [平和島] 8R 6選手 → 6件更新
  [平和島] 9R 6選手 → 6件更新
  [平和島] 10R 6選手 → 6件更新
  [平和島] 11R 6選手 → 6件更新
  [平和島] 12R 6選手 → 6件更新
  [多摩川] 1R 6選手 → 6件更新
  [多摩川] 2R 6選手 → 6件更新
  [多摩川] 3R 6選手 → 6件更新
  [多摩川] 4R 6選手 → 6件更新
  [多摩川] 5R 6選手 → 6件更新
  [多摩川] 6R 6選手 → 6件更新
  [多摩川] 7R 6選手 → 6件更新
  [多摩川] 8R 6選手 → 6件更新
  [多摩川] 9R 6選手 → 6件更新
  [多摩川] 10R 6選手 → 6件更新
  [多摩川] 11R 6選手 → 6件更新
  [多摩川] 12R 6選手 → 6件更新
  [常滑] 1R 6選手 → 6件更新
  [常滑] 2R 6選手 → 6件更新
  [常滑] 3R 6選手 → 6件更新
  [常滑] 4R 6選手 → 6件更新
  [常滑] 5R 6選手 → 6件更新
  [常滑] 6R 6選手 → 6件更新
  [常滑] 7R 6選手 → 6件更新
  [常滑] 8R 6選手 → 6件更新
  [常滑] 9R 6選手 → 6件更新
  [常滑] 10R 6選手 → 6件更新
  [常滑] 11R 6選手 → 6件更新
  [常滑] 12R 6選手 → 6件更新
  [三国] 1R 6選手 → 6件更新
  [三国] 2R 6選手 → 6件更新
  [三国] 3R 6選手 → 6件更新
  [三国] 4R 6選手 → 6件更新
  [三国] 5R 6選手 → 6件更新
  [三国] 6R 6選手 → 6件更新
  [三国] 7R 6選手 → 6件更新
  [三国] 8R 6選手 → 6件更新
  [三国] 9R 6選手 → 6件更新
  [三国] 10R 6選手 → 6件更新
  [三国] 11R 6選手 → 6件更新
  [三国] 12R 6選手 → 6件更新
  [琵琶湖] 1R 6選手 → 6件更新
  [琵琶湖] 2R 6選手 → 6件更新
  [琵琶湖] 3R 6選手 → 6件更新
  [琵琶湖] 4R 6選手 → 6件更新
  [琵琶湖] 5R 6選手 → 6件更新
  [琵琶湖] 6R 6選手 → 6件更新
  [琵琶湖] 7R 6選手 → 6件更新
  [琵琶湖] 8R 6選手 → 6件更新
  [琵琶湖] 9R 6選手 → 6件更新
  [琵琶湖] 10R 6選手 → 6件更新
  [琵琶湖] 11R 6選手 → 6件更新
  [琵琶湖] 12R 6選手 → 6件更新
  [住之江] 1R 6選手 → 6件更新
  [住之江] 2R 6選手 → 6件更新
  [住之江] 3R 6選手 → 6件更新
  [住之江] 4R 6選手 → 6件更新
  [住之江] 5R 6選手 → 6件更新
  [住之江] 6R 6選手 → 6件更新
  [住之江] 7R 6選手 → 6件更新
  [住之江] 8R 6選手 → 6件更新
  [住之江] 9R 6選手 → 6件更新
  [住之江] 10R 6選手 → 6件更新
  [住之江] 11R 6選手 → 6件更新
  [住之江] 12R 6選手 → 6件更新
  [尼崎] 1R 6選手 → 6件更新
  [尼崎] 2R 6選手 → 6件更新
  [尼崎] 3R 6選手 → 6件更新
  [尼崎] 4R 6選手 → 6件更新
  [尼崎] 5R 6選手 → 6件更新
  [尼崎] 6R 6選手 → 6件更新
  [尼崎] 7R 6選手 → 6件更新
  [尼崎] 8R 6選手 → 6件更新
  [尼崎] 9R 6選手 → 6件更新
  [尼崎] 10R 6選手 → 6件更新
  [尼崎] 11R 6選手 → 6件更新
  [尼崎] 12R 6選手 → 6件更新
  [徳山] 1R 6選手 → 6件更新
  [徳山] 2R 6選手 → 6件更新
  [徳山] 3R 6選手 → 6件更新
  [徳山] 4R 6選手 → 6件更新
  [徳山] 5R 6選手 → 6件更新
  [徳山] 6R 6選手 → 6件更新
  [徳山] 7R 6選手 → 6件更新
  [徳山] 8R 6選手 → 6件更新
  [徳山] 9R 6選手 → 6件更新
  [徳山] 10R 6選手 → 6件更新
  [徳山] 11R 6選手 → 6件更新
  [徳山] 12R 6選手 → 6件更新
  [若松] 1R 6選手 → 6件更新
  [若松] 2R 6選手 → 6件更新
  [若松] 3R 6選手 → 6件更新
  [若松] 4R 6選手 → 6件更新
  [若松] 5R 6選手 → 6件更新
  [若松] 6R 6選手 → 6件更新
  [若松] 7R 6選手 → 6件更新
  [若松] 8R 6選手 → 6件更新
  [若松] 9R 6選手 → 6件更新
  [若松] 10R 6選手 → 6件更新
  [若松] 11R 6選手 → 6件更新
  [若松] 12R 6選手 → 6件更新
  [大村] 1R 6選手 → 6件更新
  [大村] 2R 6選手 → 6件更新
  [大村] 3R 6選手 → 6件更新
  [大村] 4R 6選手 → 6件更新
  [大村] 5R 6選手 → 6件更新
  [大村] 6R 6選手 → 6件更新
  [大村] 7R 6選手 → 6件更新
  [大村] 8R 6選手 → 6件更新
  [大村] 9R 6選手 → 6件更新
  [大村] 10R 6選手 → 6件更新
  [大村] 11R 6選手 → 6件更新
  [大村] 12R 6選手 → 6件更新
  [2026-07-07] 小計: 更新864件 / データなし0件

  [休憩] 119秒 待機中...

[2026-07-08] 開催会場チェック中...
  → 11会場 (桐生, 戸田, 多摩川, 常滑, 三国, 琵琶湖, 住之江, 尼崎, 徳山, 若松, 大村)
  [桐生] 1R 6選手 → 6件更新
  [桐生] 2R 6選手 → 6件更新
  [桐生] 3R 6選手 → 6件更新
  [桐生] 4R 6選手 → 6件更新
  [桐生] 5R 6選手 → 6件更新
  [桐生] 6R 6選手 → 6件更新
  [桐生] 7R 6選手 → 6件更新
  [桐生] 8R 6選手 → 6件更新
  [桐生] 9R 6選手 → 6件更新
  [桐生] 10R 6選手 → 6件更新
  [桐生] 11R 6選手 → 6件更新
  [桐生] 12R 6選手 → 6件更新
  [戸田] 1R 6選手 → 6件更新
  [戸田] 2R 6選手 → 6件更新
  [戸田] 3R 6選手 → 6件更新
  [戸田] 4R 6選手 → 6件更新
  [戸田] 5R 6選手 → 6件更新
  [戸田] 6R 6選手 → 6件更新
  [戸田] 7R 6選手 → 6件更新
  [戸田] 8R 6選手 → 6件更新
  [戸田] 9R 6選手 → 6件更新
  [戸田] 10R 6選手 → 6件更新
  [戸田] 11R 6選手 → 6件更新
  [戸田] 12R 6選手 → 6件更新
  [多摩川] 1R 6選手 → 6件更新
  [多摩川] 2R 6選手 → 6件更新
  [多摩川] 3R 6選手 → 6件更新
  [多摩川] 4R 6選手 → 6件更新
  [多摩川] 5R 6選手 → 6件更新
  [多摩川] 6R 6選手 → 6件更新
  [多摩川] 7R 6選手 → 6件更新
  [多摩川] 8R 6選手 → 6件更新
  [多摩川] 9R 6選手 → 6件更新
  [多摩川] 10R 6選手 → 6件更新
  [多摩川] 11R 6選手 → 6件更新
  [多摩川] 12R 6選手 → 6件更新
  [常滑] 1R 6選手 → 6件更新
  [常滑] 2R 6選手 → 6件更新
  [常滑] 3R 6選手 → 6件更新
  [常滑] 4R 6選手 → 6件更新
  [常滑] 5R 6選手 → 6件更新
  [常滑] 6R 6選手 → 6件更新
  [常滑] 7R 6選手 → 6件更新
  [常滑] 8R 6選手 → 6件更新
  [常滑] 9R 6選手 → 6件更新
  [常滑] 10R 6選手 → 6件更新
  [常滑] 11R 6選手 → 6件更新
  [常滑] 12R 6選手 → 6件更新
  [三国] 1R 6選手 → 6件更新
  [三国] 2R 6選手 → 6件更新
  [三国] 3R 6選手 → 6件更新
  [三国] 4R 6選手 → 6件更新
  [三国] 5R 6選手 → 6件更新
  [三国] 6R 6選手 → 6件更新
  [三国] 7R 6選手 → 6件更新
  [三国] 8R 6選手 → 6件更新
  [三国] 9R 6選手 → 6件更新
  [三国] 10R 6選手 → 6件更新
  [三国] 11R 6選手 → 6件更新
  [三国] 12R 6選手 → 6件更新
  [琵琶湖] 1R 6選手 → 6件更新
  [琵琶湖] 2R 6選手 → 6件更新
  [琵琶湖] 3R 6選手 → 6件更新
  [琵琶湖] 4R 6選手 → 6件更新
  [琵琶湖] 5R 6選手 → 6件更新
  [琵琶湖] 6R 6選手 → 6件更新
  [琵琶湖] 7R 6選手 → 6件更新
  [琵琶湖] 8R 6選手 → 6件更新
  [琵琶湖] 9R 6選手 → 6件更新
  [琵琶湖] 10R 6選手 → 6件更新
  [琵琶湖] 11R 6選手 → 6件更新
  [琵琶湖] 12R 6選手 → 6件更新
  [住之江] 1R 6選手 → 6件更新
  [住之江] 2R 6選手 → 6件更新
  [住之江] 3R 6選手 → 6件更新
  [住之江] 4R 6選手 → 6件更新
  [住之江] 5R 6選手 → 6件更新
  [住之江] 6R 6選手 → 6件更新
  [住之江] 7R 6選手 → 6件更新
  [住之江] 8R 6選手 → 6件更新
  [住之江] 9R 6選手 → 6件更新
  [住之江] 10R 6選手 → 6件更新
  [住之江] 11R 6選手 → 6件更新
  [住之江] 12R 6選手 → 6件更新
  [尼崎] 1R 6選手 → 6件更新
  [尼崎] 2R 6選手 → 6件更新
  [尼崎] 3R 6選手 → 6件更新
  [尼崎] 4R 6選手 → 6件更新
  [尼崎] 5R 6選手 → 6件更新
  [尼崎] 6R 6選手 → 6件更新
  [尼崎] 7R 6選手 → 6件更新
  [尼崎] 8R 6選手 → 6件更新
  [尼崎] 9R 6選手 → 6件更新
  [尼崎] 10R 6選手 → 6件更新
  [尼崎] 11R 6選手 → 6件更新
  [尼崎] 12R 6選手 → 6件更新
  [徳山] 1R 6選手 → 6件更新
  [徳山] 2R 6選手 → 6件更新
  [徳山] 3R 6選手 → 6件更新
  [徳山] 4R 6選手 → 6件更新
  [徳山] 5R 6選手 → 6件更新
  [徳山] 6R 6選手 → 6件更新
  [徳山] 7R 6選手 → 6件更新
  [徳山] 8R 6選手 → 6件更新
  [徳山] 9R 6選手 → 6件更新
  [徳山] 10R 6選手 → 6件更新
  [徳山] 11R 6選手 → 6件更新
  [徳山] 12R 6選手 → 6件更新
  [若松] 1R 6選手 → 6件更新
  [若松] 2R 6選手 → 6件更新
  [若松] 3R 6選手 → 6件更新
  [若松] 4R 6選手 → 6件更新
  [若松] 5R 6選手 → 6件更新
  [若松] 6R 6選手 → 6件更新
  [若松] 7R 6選手 → 6件更新
  [若松] 8R 6選手 → 6件更新
  [若松] 9R 6選手 → 6件更新
  [若松] 10R 6選手 → 6件更新
  [若松] 11R 6選手 → 6件更新
  [若松] 12R 6選手 → 6件更新
  [大村] 1R 6選手 → 6件更新
  [大村] 2R 6選手 → 6件更新
  [大村] 3R 6選手 → 6件更新
  [大村] 4R 6選手 → 6件更新
  [大村] 5R 6選手 → 6件更新
  [大村] 6R 6選手 → 6件更新
  [大村] 7R 6選手 → 6件更新
  [大村] 8R 6選手 → 6件更新
  [大村] 9R 6選手 → 6件更新
  [大村] 10R 6選手 → 6件更新
  [大村] 11R 6選手 → 6件更新
  [大村] 12R 6選手 → 6件更新
  [2026-07-08] 小計: 更新792件 / データなし0件

  [休憩] 138秒 待機中...

[2026-07-09] 開催会場チェック中...
  → 12会場 (桐生, 戸田, 多摩川, 常滑, 三国, 琵琶湖, 鳴門, 丸亀, 児島, 徳山, 若松, 大村)
  [桐生] 1R 6選手 → 6件更新
  [桐生] 2R 6選手 → 6件更新
  [桐生] 3R 6選手 → 6件更新
  [桐生] 4R 6選手 → 6件更新
  [桐生] 5R 6選手 → 6件更新
  [桐生] 6R 6選手 → 6件更新
  [桐生] 7R 6選手 → 6件更新
  [桐生] 8R 6選手 → 6件更新
  [桐生] 9R 6選手 → 6件更新
  [桐生] 10R 6選手 → 6件更新
  [桐生] 11R 6選手 → 6件更新
  [桐生] 12R 6選手 → 6件更新
  [戸田] 1R 6選手 → 6件更新
  [戸田] 2R 6選手 → 6件更新
  [戸田] 3R 6選手 → 6件更新
  [戸田] 4R 6選手 → 6件更新
  [戸田] 5R 6選手 → 6件更新
  [戸田] 6R 6選手 → 6件更新
  [戸田] 7R 6選手 → 6件更新
  [戸田] 8R 6選手 → 6件更新
  [戸田] 9R 6選手 → 6件更新
  [戸田] 10R 6選手 → 6件更新
  [戸田] 11R 6選手 → 6件更新
  [戸田] 12R 6選手 → 6件更新
  [多摩川] 1R 6選手 → 6件更新
  [多摩川] 2R 6選手 → 6件更新
  [多摩川] 3R 6選手 → 6件更新
  [多摩川] 4R 6選手 → 6件更新
  [多摩川] 5R 6選手 → 6件更新
  [多摩川] 6R 6選手 → 6件更新
  [多摩川] 7R 6選手 → 6件更新
  [多摩川] 8R 6選手 → 6件更新
  [多摩川] 9R 6選手 → 6件更新
  [多摩川] 10R 6選手 → 6件更新
  [多摩川] 11R 6選手 → 6件更新
  [多摩川] 12R 6選手 → 6件更新
  [常滑] 1R 6選手 → 6件更新
  [常滑] 2R 6選手 → 6件更新
  [常滑] 3R 6選手 → 6件更新
  [常滑] 4R 6選手 → 6件更新
  [常滑] 5R 6選手 → 6件更新
  [常滑] 6R 6選手 → 6件更新
  [常滑] 7R 6選手 → 6件更新
  [常滑] 8R 6選手 → 6件更新
  [常滑] 9R 6選手 → 6件更新
  [常滑] 10R 6選手 → 6件更新
  [常滑] 11R 6選手 → 6件更新
  [常滑] 12R 6選手 → 6件更新
  [三国] 1R 6選手 → 6件更新
  [三国] 2R 6選手 → 6件更新
  [三国] 3R 6選手 → 6件更新
  [三国] 4R 6選手 → 6件更新
  [三国] 5R 6選手 → 6件更新
  [三国] 6R 6選手 → 6件更新
  [三国] 7R 6選手 → 6件更新
  [三国] 8R 6選手 → 6件更新
  [三国] 9R 6選手 → 6件更新
  [三国] 10R 6選手 → 6件更新
  [三国] 11R 6選手 → 6件更新
  [三国] 12R 6選手 → 6件更新
  [琵琶湖] 1R 6選手 → 6件更新
  [琵琶湖] 2R 6選手 → 6件更新
  [琵琶湖] 3R 6選手 → 6件更新
  [琵琶湖] 4R 6選手 → 6件更新
  [琵琶湖] 5R 6選手 → 6件更新
  [琵琶湖] 6R 6選手 → 6件更新
  [琵琶湖] 7R 6選手 → 6件更新
  [琵琶湖] 8R 6選手 → 6件更新
  [琵琶湖] 9R 6選手 → 6件更新
  [琵琶湖] 10R 6選手 → 6件更新
  [琵琶湖] 11R 6選手 → 6件更新
  [琵琶湖] 12R 6選手 → 6件更新
  [鳴門] 1R 6選手 → 6件更新
  [鳴門] 2R 6選手 → 6件更新
  [鳴門] 3R 6選手 → 6件更新
  [鳴門] 4R 6選手 → 6件更新
  [鳴門] 5R 6選手 → 6件更新
  [鳴門] 6R 6選手 → 6件更新
  [鳴門] 7R 6選手 → 6件更新
  [鳴門] 8R 6選手 → 6件更新
  [鳴門] 9R 6選手 → 6件更新
  [鳴門] 10R 6選手 → 6件更新
  [鳴門] 11R 6選手 → 6件更新
  [鳴門] 12R 6選手 → 6件更新
  [丸亀] 1R 6選手 → 6件更新
  [丸亀] 2R 6選手 → 6件更新
  [丸亀] 3R 6選手 → 6件更新
  [丸亀] 4R 6選手 → 6件更新
  [丸亀] 5R 6選手 → 6件更新
  [丸亀] 6R 6選手 → 6件更新
  [丸亀] 7R 6選手 → 6件更新
  [丸亀] 8R 6選手 → 6件更新
  [丸亀] 9R 6選手 → 6件更新
  [丸亀] 10R 6選手 → 6件更新
  [丸亀] 11R 6選手 → 6件更新
  [丸亀] 12R 6選手 → 6件更新
  [児島] 1R 6選手 → 6件更新
  [児島] 2R 6選手 → 6件更新
  [児島] 3R 6選手 → 6件更新
  [児島] 4R 6選手 → 6件更新
  [児島] 5R 6選手 → 6件更新
  [児島] 6R 6選手 → 6件更新
  [児島] 7R 6選手 → 6件更新
  [児島] 8R 6選手 → 6件更新
  [児島] 9R 6選手 → 6件更新
  [児島] 10R 6選手 → 6件更新
  [児島] 11R 6選手 → 6件更新
  [児島] 12R 6選手 → 6件更新
  [徳山] 1R 6選手 → 6件更新
  [徳山] 2R 6選手 → 6件更新
  [徳山] 3R 6選手 → 6件更新
  [徳山] 4R 6選手 → 6件更新
  [徳山] 5R 6選手 → 6件更新
  [徳山] 6R 6選手 → 6件更新
  [徳山] 7R 6選手 → 6件更新
  [徳山] 8R 6選手 → 6件更新
  [徳山] 9R 6選手 → 6件更新
  [徳山] 10R 6選手 → 6件更新
  [徳山] 11R 6選手 → 6件更新
  [徳山] 12R 6選手 → 6件更新
  [若松] 1R 6選手 → 6件更新
  [若松] 2R 6選手 → 6件更新
  [若松] 3R 6選手 → 6件更新
  [若松] 4R 6選手 → 6件更新
  [若松] 5R 6選手 → 6件更新
  [若松] 6R 6選手 → 6件更新
  [若松] 7R 6選手 → 6件更新
  [若松] 8R 6選手 → 6件更新
  [若松] 9R 6選手 → 6件更新
  [若松] 10R 6選手 → 6件更新
  [若松] 11R 6選手 → 6件更新
  [若松] 12R 6選手 → 6件更新
  [大村] 1R 6選手 → 6件更新
  [大村] 2R 6選手 → 6件更新
  [大村] 3R 6選手 → 6件更新
  [大村] 4R 6選手 → 6件更新
  [大村] 5R 6選手 → 6件更新
  [大村] 6R 6選手 → 6件更新
  [大村] 7R 6選手 → 6件更新
  [大村] 8R 6選手 → 6件更新
  [大村] 9R 6選手 → 6件更新
  [大村] 10R 6選手 → 6件更新
  [大村] 11R 6選手 → 6件更新
  [大村] 12R 6選手 → 6件更新
  [2026-07-09] 小計: 更新864件 / データなし0件

  [休憩] 120秒 待機中...

[2026-07-10] 開催会場チェック中...
  → 13会場 (戸田, 浜名湖, 常滑, 津, 三国, 琵琶湖, 鳴門, 丸亀, 児島, 下関, 若松, 福岡, 唐津)
  [戸田] 1R 6選手 → 6件更新
  [戸田] 2R 6選手 → 6件更新
  [戸田] 3R 6選手 → 6件更新
  [戸田] 4R 6選手 → 6件更新
  [戸田] 5R 6選手 → 6件更新
  [戸田] 6R 6選手 → 6件更新
  [戸田] 7R 6選手 → 6件更新
  [戸田] 8R 6選手 → 6件更新
  [戸田] 9R 6選手 → 6件更新
  [戸田] 10R 6選手 → 6件更新
  [戸田] 11R 6選手 → 6件更新
  [戸田] 12R 6選手 → 6件更新
  [浜名湖] 1R 6選手 → 6件更新
  [浜名湖] 2R 6選手 → 6件更新
  [浜名湖] 3R 6選手 → 6件更新
  [浜名湖] 4R 6選手 → 6件更新
  [浜名湖] 5R 6選手 → 6件更新
  [浜名湖] 6R 6選手 → 6件更新
  [浜名湖] 7R 6選手 → 6件更新
  [浜名湖] 8R 6選手 → 6件更新
  [浜名湖] 9R 6選手 → 6件更新
  [浜名湖] 10R 6選手 → 6件更新
  [浜名湖] 11R 6選手 → 6件更新
  [浜名湖] 12R 6選手 → 6件更新
  [常滑] 1R 6選手 → 6件更新
  [常滑] 2R 6選手 → 6件更新
  [常滑] 3R 6選手 → 6件更新
  [常滑] 4R 6選手 → 6件更新
  [常滑] 5R 6選手 → 6件更新
  [常滑] 6R 6選手 → 6件更新
  [常滑] 7R 6選手 → 6件更新
  [常滑] 8R 6選手 → 6件更新
  [常滑] 9R 6選手 → 6件更新
  [常滑] 10R 6選手 → 6件更新
  [常滑] 11R 6選手 → 6件更新
  [常滑] 12R 6選手 → 6件更新
  [津] 1R 6選手 → 6件更新
  [津] 2R 6選手 → 6件更新
  [津] 3R 6選手 → 6件更新
  [津] 4R 6選手 → 6件更新
  [津] 5R 6選手 → 6件更新
  [津] 6R 6選手 → 6件更新
  [津] 7R 6選手 → 6件更新
  [津] 8R 6選手 → 6件更新
  [津] 9R 6選手 → 6件更新
  [津] 10R 6選手 → 6件更新
  [津] 11R 6選手 → 6件更新
  [津] 12R 6選手 → 6件更新
  [三国] 1R 6選手 → 6件更新
  [三国] 2R 6選手 → 6件更新
  [三国] 3R 6選手 → 6件更新
  [三国] 4R 6選手 → 6件更新
  [三国] 5R 6選手 → 6件更新
  [三国] 6R 6選手 → 6件更新
  [三国] 7R 6選手 → 6件更新
  [三国] 8R 6選手 → 6件更新
  [三国] 9R 6選手 → 6件更新
  [三国] 10R 6選手 → 6件更新
  [三国] 11R 6選手 → 6件更新
  [三国] 12R 6選手 → 6件更新
  [琵琶湖] 1R 6選手 → 6件更新
  [琵琶湖] 2R 6選手 → 6件更新
  [琵琶湖] 3R 6選手 → 6件更新
  [琵琶湖] 4R 6選手 → 6件更新
  [琵琶湖] 5R 6選手 → 6件更新
  [琵琶湖] 6R 6選手 → 6件更新
  [琵琶湖] 7R 6選手 → 6件更新
  [琵琶湖] 8R 6選手 → 6件更新
  [琵琶湖] 9R 6選手 → 6件更新
  [琵琶湖] 10R 6選手 → 6件更新
  [琵琶湖] 11R 6選手 → 6件更新
  [琵琶湖] 12R 6選手 → 6件更新
  [鳴門] 1R 6選手 → 6件更新
  [鳴門] 2R 6選手 → 6件更新
  [鳴門] 3R 6選手 → 6件更新
  [鳴門] 4R 6選手 → 6件更新
  [鳴門] 5R 6選手 → 6件更新
  [鳴門] 6R 6選手 → 6件更新
  [鳴門] 7R 6選手 → 6件更新
  [鳴門] 8R 6選手 → 6件更新
  [鳴門] 9R 6選手 → 6件更新
  [鳴門] 10R 6選手 → 6件更新
  [鳴門] 11R 6選手 → 6件更新
  [鳴門] 12R 6選手 → 6件更新
  [丸亀] 1R 6選手 → 6件更新
  [丸亀] 2R 6選手 → 6件更新
  [丸亀] 3R 6選手 → 6件更新
  [丸亀] 4R 6選手 → 6件更新
  [丸亀] 5R 6選手 → 6件更新
  [丸亀] 6R 6選手 → 6件更新
  [丸亀] 7R 6選手 → 6件更新
  [丸亀] 8R 6選手 → 6件更新
  [丸亀] 9R 6選手 → 6件更新
  [丸亀] 10R 6選手 → 6件更新
  [丸亀] 11R 6選手 → 6件更新
  [丸亀] 12R 6選手 → 6件更新
  [児島] 1R 6選手 → 6件更新
  [児島] 2R 6選手 → 6件更新
  [児島] 3R 6選手 → 6件更新
  [児島] 4R 6選手 → 6件更新
  [児島] 5R 6選手 → 6件更新
  [児島] 6R 6選手 → 6件更新
  [児島] 7R 6選手 → 6件更新
  [児島] 8R 6選手 → 6件更新
  [児島] 9R 6選手 → 6件更新
  [児島] 10R 6選手 → 6件更新
  [児島] 11R 6選手 → 6件更新
  [児島] 12R 6選手 → 6件更新
  [下関] 1R 6選手 → 6件更新
  [下関] 2R 6選手 → 6件更新
  [下関] 3R 6選手 → 6件更新
  [下関] 4R 6選手 → 6件更新
  [下関] 5R 6選手 → 6件更新
  [下関] 6R 6選手 → 6件更新
  [下関] 7R 6選手 → 6件更新
  [下関] 8R 6選手 → 6件更新
  [下関] 9R 6選手 → 6件更新
  [下関] 10R 6選手 → 6件更新
  [下関] 11R 6選手 → 6件更新
  [下関] 12R 6選手 → 6件更新
  [若松] 1R 6選手 → 6件更新
  [若松] 2R 6選手 → 6件更新
  [若松] 3R 6選手 → 6件更新
  [若松] 4R 6選手 → 6件更新
  [若松] 5R 6選手 → 6件更新
  [若松] 6R 6選手 → 6件更新
  [若松] 7R 6選手 → 6件更新
  [若松] 8R 6選手 → 6件更新
  [若松] 9R 6選手 → 6件更新
  [若松] 10R 6選手 → 6件更新
  [若松] 11R 6選手 → 6件更新
  [若松] 12R 6選手 → 6件更新
  [福岡] 1R 6選手 → 6件更新
  [福岡] 2R 6選手 → 6件更新
  [福岡] 3R 6選手 → 6件更新
  [福岡] 4R 6選手 → 6件更新
  [福岡] 5R 6選手 → 6件更新
  [福岡] 6R [接続エラー #1] HTTPSConnectionPool(host='www.boatrace.jp', port=443): Max retries exceeded with
  [福岡] 7R 6選手 → 6件更新
  [福岡] 8R 6選手 → 6件更新
  [福岡] 9R 6選手 → 6件更新
  [福岡] 10R 6選手 → 6件更新
  [福岡] 11R 6選手 → 6件更新
  [福岡] 12R 6選手 → 6件更新
  [唐津] 1R 6選手 → 6件更新
  [唐津] 2R 6選手 → 6件更新
  [唐津] 3R 6選手 → 6件更新
  [唐津] 4R 6選手 → 6件更新
  [唐津] 5R 6選手 → 6件更新
  [唐津] 6R 6選手 → 6件更新
  [唐津] 7R 6選手 → 6件更新
  [唐津] 8R 6選手 → 6件更新
  [唐津] 9R 6選手 → 6件更新
  [唐津] 10R 6選手 → 6件更新
  [唐津] 11R 6選手 → 6件更新
  [唐津] 12R 6選手 → 6件更新
  [2026-07-10] 小計: 更新930件 / データなし0件

  [休憩] 153秒 待機中...

[2026-07-11] 開催会場チェック中...
  → 15会場 (戸田, 江戸川, 平和島, 浜名湖, 常滑, 津, 三国, 琵琶湖, 鳴門, 丸亀, 児島, 下関, 若松, 福岡, 唐津)
  [戸田] 1R 6選手 → 6件更新
  [戸田] 2R 6選手 → 6件更新
  [戸田] 3R 6選手 → 6件更新
  [戸田] 4R 6選手 → 6件更新
  [戸田] 5R 6選手 → 6件更新
  [戸田] 6R 6選手 → 6件更新
  [戸田] 7R 6選手 → 6件更新
  [戸田] 8R 6選手 → 6件更新
  [戸田] 9R 6選手 → 6件更新
  [戸田] 10R 6選手 → 6件更新
  [戸田] 11R 6選手 → 6件更新
  [戸田] 12R 6選手 → 6件更新
  [江戸川] 1R 6選手 → 6件更新
  [江戸川] 2R 6選手 → 6件更新
  [江戸川] 3R 6選手 → 6件更新
  [江戸川] 4R 6選手 → 6件更新
  [江戸川] 5R 6選手 → 6件更新
  [江戸川] 6R 6選手 → 6件更新
  [江戸川] 7R 6選手 → 6件更新
  [江戸川] 8R 6選手 → 6件更新
  [江戸川] 9R 6選手 → 6件更新
  [江戸川] 10R 6選手 → 6件更新
  [江戸川] 11R 6選手 → 6件更新
  [江戸川] 12R 6選手 → 6件更新
  [平和島] 1R 6選手 → 6件更新
  [平和島] 2R 6選手 → 6件更新
  [平和島] 3R 6選手 → 6件更新
  [平和島] 4R 6選手 → 6件更新
  [平和島] 5R 6選手 → 6件更新
  [平和島] 6R 6選手 → 6件更新
  [平和島] 7R 6選手 → 6件更新
  [平和島] 8R 6選手 → 6件更新
  [平和島] 9R 6選手 → 6件更新
  [平和島] 10R 6選手 → 6件更新
  [平和島] 11R 6選手 → 6件更新
  [平和島] 12R 6選手 → 6件更新
  [浜名湖] 1R 6選手 → 6件更新
  [浜名湖] 2R 6選手 → 6件更新
  [浜名湖] 3R 6選手 → 6件更新
  [浜名湖] 4R 6選手 → 6件更新
  [浜名湖] 5R 6選手 → 6件更新
  [浜名湖] 6R 6選手 → 6件更新
  [浜名湖] 7R 6選手 → 6件更新
  [浜名湖] 8R 6選手 → 6件更新
  [浜名湖] 9R 6選手 → 6件更新
  [浜名湖] 10R 6選手 → 6件更新
  [浜名湖] 11R 6選手 → 6件更新
  [浜名湖] 12R 6選手 → 6件更新
  [常滑] 1R 6選手 → 6件更新
  [常滑] 2R 6選手 → 6件更新
  [常滑] 3R 6選手 → 6件更新
  [常滑] 4R 6選手 → 6件更新
  [常滑] 5R 6選手 → 6件更新
  [常滑] 6R 6選手 → 6件更新
  [常滑] 7R 6選手 → 6件更新
  [常滑] 8R 6選手 → 6件更新
  [常滑] 9R 6選手 → 6件更新
  [常滑] 10R 6選手 → 6件更新
  [常滑] 11R 6選手 → 6件更新
  [常滑] 12R 6選手 → 6件更新
  [津] 1R 6選手 → 6件更新
  [津] 2R 6選手 → 6件更新
  [津] 3R 6選手 → 6件更新
  [津] 4R 6選手 → 6件更新
  [津] 5R 6選手 → 6件更新
  [津] 6R 6選手 → 6件更新
  [津] 7R 6選手 → 6件更新
  [津] 8R 6選手 → 6件更新
  [津] 9R 6選手 → 6件更新
  [津] 10R 6選手 → 6件更新
  [津] 11R 6選手 → 6件更新
  [津] 12R 6選手 → 6件更新
  [三国] 1R 6選手 → 6件更新
  [三国] 2R 6選手 → 6件更新
  [三国] 3R 6選手 → 6件更新
  [三国] 4R 6選手 → 6件更新
  [三国] 5R 6選手 → 6件更新
  [三国] 6R 6選手 → 6件更新
  [三国] 7R 6選手 → 6件更新
  [三国] 8R 6選手 → 6件更新
  [三国] 9R 6選手 → 6件更新
  [三国] 10R 6選手 → 6件更新
  [三国] 11R 6選手 → 6件更新
  [三国] 12R 6選手 → 6件更新
  [琵琶湖] 1R 6選手 → 6件更新
  [琵琶湖] 2R 6選手 → 6件更新
  [琵琶湖] 3R 6選手 → 6件更新
  [琵琶湖] 4R 6選手 → 6件更新
  [琵琶湖] 5R 6選手 → 6件更新
  [琵琶湖] 6R 6選手 → 6件更新
  [琵琶湖] 7R 6選手 → 6件更新
  [琵琶湖] 8R 6選手 → 6件更新
  [琵琶湖] 9R 6選手 → 6件更新
  [琵琶湖] 10R 6選手 → 6件更新
  [琵琶湖] 11R 6選手 → 6件更新
  [琵琶湖] 12R 6選手 → 6件更新
  [鳴門] 1R 6選手 → 6件更新
  [鳴門] 2R 6選手 → 6件更新
  [鳴門] 3R 6選手 → 6件更新
  [鳴門] 4R 6選手 → 6件更新
  [鳴門] 5R 6選手 → 6件更新
  [鳴門] 6R 6選手 → 6件更新
  [鳴門] 7R 6選手 → 6件更新
  [鳴門] 8R 6選手 → 6件更新
  [鳴門] 9R 6選手 → 6件更新
  [鳴門] 10R 6選手 → 6件更新
  [鳴門] 11R 6選手 → 6件更新
  [鳴門] 12R 6選手 → 6件更新
  [丸亀] 1R 6選手 → 6件更新
  [丸亀] 2R 6選手 → 6件更新
  [丸亀] 3R 6選手 → 6件更新
  [丸亀] 4R 6選手 → 6件更新
  [丸亀] 5R 6選手 → 6件更新
  [丸亀] 6R 6選手 → 6件更新
  [丸亀] 7R 6選手 → 6件更新
  [丸亀] 8R 6選手 → 6件更新
  [丸亀] 9R 6選手 → 6件更新
  [丸亀] 10R 6選手 → 6件更新
  [丸亀] 11R 6選手 → 6件更新
  [丸亀] 12R 6選手 → 6件更新
  [児島] 1R 6選手 → 6件更新
  [児島] 2R 6選手 → 6件更新
  [児島] 3R 6選手 → 6件更新
  [児島] 4R 6選手 → 6件更新
  [児島] 5R 6選手 → 6件更新
  [児島] 6R 6選手 → 6件更新
  [児島] 7R 6選手 → 6件更新
  [児島] 8R 6選手 → 6件更新
  [児島] 9R 6選手 → 6件更新
  [児島] 10R 6選手 → 6件更新
  [児島] 11R 6選手 → 6件更新
  [児島] 12R 6選手 → 6件更新
  [下関] 1R 6選手 → 6件更新
  [下関] 2R 6選手 → 6件更新
  [下関] 3R 6選手 → 6件更新
  [下関] 4R 6選手 → 6件更新
  [下関] 5R 6選手 → 6件更新
  [下関] 6R 6選手 → 6件更新
  [下関] 7R 6選手 → 6件更新
  [下関] 8R 6選手 → 6件更新
  [下関] 9R 6選手 → 6件更新
  [下関] 10R 6選手 → 6件更新
  [下関] 11R 6選手 → 6件更新
  [下関] 12R 6選手 → 6件更新
  [若松] 1R 6選手 → 6件更新
  [若松] 2R 6選手 → 6件更新
  [若松] 3R 6選手 → 6件更新
  [若松] 4R 6選手 → 6件更新
  [若松] 5R 6選手 → 6件更新
  [若松] 6R 6選手 → 6件更新
  [若松] 7R 6選手 → 6件更新
  [若松] 8R 6選手 → 6件更新
  [若松] 9R 6選手 → 6件更新
  [若松] 10R 6選手 → 6件更新
  [若松] 11R 6選手 → 6件更新
  [若松] 12R 6選手 → 6件更新
  [福岡] 1R 6選手 → 6件更新
  [福岡] 2R 6選手 → 6件更新
  [福岡] 3R 6選手 → 6件更新
  [福岡] 4R 6選手 → 6件更新
  [福岡] 5R 6選手 → 6件更新
  [福岡] 6R 6選手 → 6件更新
  [福岡] 7R 6選手 → 6件更新
  [福岡] 8R 6選手 → 6件更新
  [福岡] 9R 6選手 → 6件更新
  [福岡] 10R 6選手 → 6件更新
  [福岡] 11R 6選手 → 6件更新
  [福岡] 12R 6選手 → 6件更新
  [唐津] 1R 6選手 → 6件更新
  [唐津] 2R 6選手 → 6件更新
  [唐津] 3R 6選手 → 6件更新
  [唐津] 4R 6選手 → 6件更新
  [唐津] 5R 6選手 → 6件更新
  [唐津] 6R 6選手 → 6件更新
  [唐津] 7R 6選手 → 6件更新
  [唐津] 8R 6選手 → 6件更新
  [唐津] 9R 6選手 → 6件更新
  [唐津] 10R 6選手 → 6件更新
  [唐津] 11R 6選手 → 6件更新
  [唐津] 12R 6選手 → 6件更新
  [2026-07-11] 小計: 更新1080件 / データなし0件

  [休憩] 100秒 待機中...

[2026-07-12] 開催会場チェック中...
  → 16会場 (戸田, 江戸川, 平和島, 多摩川, 浜名湖, 常滑, 津, 三国, 琵琶湖, 鳴門, 丸亀, 児島, 下関, 若松, 福岡, 唐津)
  [戸田] 1R 6選手 → 6件更新
  [戸田] 2R 6選手 → 6件更新
  [戸田] 3R 6選手 → 6件更新
  [戸田] 4R 6選手 → 6件更新
  [戸田] 5R 6選手 → 6件更新
  [戸田] 6R 6選手 → 6件更新
  [戸田] 7R 6選手 → 6件更新
  [戸田] 8R 6選手 → 6件更新
  [戸田] 9R 6選手 → 6件更新
  [戸田] 10R 6選手 → 6件更新
  [戸田] 11R 6選手 → 6件更新
  [戸田] 12R 6選手 → 6件更新
  [江戸川] 1R 6選手 → 6件更新
  [江戸川] 2R 6選手 → 6件更新
  [江戸川] 3R 6選手 → 6件更新
  [江戸川] 4R 6選手 → 6件更新
  [江戸川] 5R 6選手 → 6件更新
  [江戸川] 6R 6選手 → 6件更新
  [江戸川] 7R 6選手 → 6件更新
  [江戸川] 8R 6選手 → 6件更新
  [江戸川] 9R 6選手 → 6件更新
  [江戸川] 10R 6選手 → 6件更新
  [江戸川] 11R 6選手 → 6件更新
  [江戸川] 12R 6選手 → 6件更新
  [平和島] 1R 6選手 → 6件更新
  [平和島] 2R 6選手 → 6件更新
  [平和島] 3R 6選手 → 6件更新
  [平和島] 4R 6選手 → 6件更新
  [平和島] 5R 6選手 → 6件更新
  [平和島] 6R 6選手 → 6件更新
  [平和島] 7R 6選手 → 6件更新
  [平和島] 8R 6選手 → 6件更新
  [平和島] 9R 6選手 → 6件更新
  [平和島] 10R 6選手 → 6件更新
  [平和島] 11R 6選手 → 6件更新
  [平和島] 12R 6選手 → 6件更新
  [多摩川] 1R 6選手 → 6件更新
  [多摩川] 2R 6選手 → 6件更新
  [多摩川] 3R 6選手 → 6件更新
  [多摩川] 4R 6選手 → 6件更新
  [多摩川] 5R 6選手 → 6件更新
  [多摩川] 6R 6選手 → 6件更新
  [多摩川] 7R 6選手 → 6件更新
  [多摩川] 8R 6選手 → 6件更新
  [多摩川] 9R 6選手 → 6件更新
  [多摩川] 10R 6選手 → 6件更新
  [多摩川] 11R 6選手 → 6件更新
  [多摩川] 12R 6選手 → 6件更新
  [浜名湖] 1R 6選手 → 6件更新
  [浜名湖] 2R 6選手 → 6件更新
  [浜名湖] 3R 6選手 → 6件更新
  [浜名湖] 4R 6選手 → 6件更新
  [浜名湖] 5R 6選手 → 6件更新
  [浜名湖] 6R 6選手 → 6件更新
  [浜名湖] 7R 6選手 → 6件更新
  [浜名湖] 8R 6選手 → 6件更新
  [浜名湖] 9R 6選手 → 6件更新
  [浜名湖] 10R 6選手 → 6件更新
  [浜名湖] 11R 6選手 → 6件更新
  [浜名湖] 12R 6選手 → 6件更新
  [常滑] 1R 6選手 → 6件更新
  [常滑] 2R 6選手 → 6件更新
  [常滑] 3R 6選手 → 6件更新
  [常滑] 4R 6選手 → 6件更新
  [常滑] 5R 6選手 → 6件更新
  [常滑] 6R 6選手 → 6件更新
  [常滑] 7R 6選手 → 6件更新
  [常滑] 8R 6選手 → 6件更新
  [常滑] 9R 6選手 → 6件更新
  [常滑] 10R 6選手 → 6件更新
  [常滑] 11R 6選手 → 6件更新
  [常滑] 12R 6選手 → 6件更新
  [津] 1R 6選手 → 6件更新
  [津] 2R 6選手 → 6件更新
  [津] 3R 6選手 → 6件更新
  [津] 4R 6選手 → 6件更新
  [津] 5R 6選手 → 6件更新
  [津] 6R 6選手 → 6件更新
  [津] 7R 6選手 → 6件更新
  [津] 8R 6選手 → 6件更新
  [津] 9R 6選手 → 6件更新
  [津] 10R 6選手 → 6件更新
  [津] 11R 6選手 → 6件更新
  [津] 12R 6選手 → 6件更新
  [三国] 1R 6選手 → 6件更新
  [三国] 2R 6選手 → 6件更新
  [三国] 3R 6選手 → 6件更新
  [三国] 4R 6選手 → 6件更新
  [三国] 5R 6選手 → 6件更新
  [三国] 6R 6選手 → 6件更新
  [三国] 7R 6選手 → 6件更新
  [三国] 8R 6選手 → 6件更新
  [三国] 9R 6選手 → 6件更新
  [三国] 10R 6選手 → 6件更新
  [三国] 11R 6選手 → 6件更新
  [三国] 12R 6選手 → 6件更新
  [琵琶湖] 1R 6選手 → 6件更新
  [琵琶湖] 2R 6選手 → 6件更新
  [琵琶湖] 3R 6選手 → 6件更新
  [琵琶湖] 4R 6選手 → 6件更新
  [琵琶湖] 5R 6選手 → 6件更新
  [琵琶湖] 6R 6選手 → 6件更新
  [琵琶湖] 7R 6選手 → 6件更新
  [琵琶湖] 8R 6選手 → 6件更新
  [琵琶湖] 9R 6選手 → 6件更新
  [琵琶湖] 10R 6選手 → 6件更新
  [琵琶湖] 11R 6選手 → 6件更新
  [琵琶湖] 12R 6選手 → 6件更新
  [鳴門] 1R 6選手 → 6件更新
  [鳴門] 2R 6選手 → 6件更新
  [鳴門] 3R 6選手 → 6件更新
  [鳴門] 4R 6選手 → 6件更新
  [鳴門] 5R 6選手 → 6件更新
  [鳴門] 6R 6選手 → 6件更新
  [鳴門] 7R 6選手 → 6件更新
  [鳴門] 8R 6選手 → 6件更新
  [鳴門] 9R 6選手 → 6件更新
  [鳴門] 10R 6選手 → 6件更新
  [鳴門] 11R 6選手 → 6件更新
  [鳴門] 12R 6選手 → 6件更新
  [丸亀] 1R 6選手 → 6件更新
  [丸亀] 2R 6選手 → 6件更新
  [丸亀] 3R 6選手 → 6件更新
  [丸亀] 4R 6選手 → 6件更新
  [丸亀] 5R 6選手 → 6件更新
  [丸亀] 6R 6選手 → 6件更新
  [丸亀] 7R 6選手 → 6件更新
  [丸亀] 8R 6選手 → 6件更新
  [丸亀] 9R 6選手 → 6件更新
  [丸亀] 10R 6選手 → 6件更新
  [丸亀] 11R 6選手 → 6件更新
  [丸亀] 12R 6選手 → 6件更新
  [児島] 1R 6選手 → 6件更新
  [児島] 2R 6選手 → 6件更新
  [児島] 3R 6選手 → 6件更新
  [児島] 4R 6選手 → 6件更新
  [児島] 5R 6選手 → 6件更新
  [児島] 6R 6選手 → 6件更新
  [児島] 7R 6選手 → 6件更新
  [児島] 8R 6選手 → 6件更新
  [児島] 9R 6選手 → 6件更新
  [児島] 10R 6選手 → 6件更新
  [児島] 11R 6選手 → 6件更新
  [児島] 12R 6選手 → 6件更新
  [下関] 1R 6選手 → 6件更新
  [下関] 2R 6選手 → 6件更新
  [下関] 3R 6選手 → 6件更新
  [下関] 4R 6選手 → 6件更新
  [下関] 5R 6選手 → 6件更新
  [下関] 6R 6選手 → 6件更新
  [下関] 7R 6選手 → 6件更新
  [下関] 8R 6選手 → 6件更新
  [下関] 9R 6選手 → 6件更新
  [下関] 10R 6選手 → 6件更新
  [下関] 11R 6選手 → 6件更新
  [下関] 12R 6選手 → 6件更新
  [若松] 1R 6選手 → 6件更新
  [若松] 2R 6選手 → 6件更新
  [若松] 3R 6選手 → 6件更新
  [若松] 4R 6選手 → 6件更新
  [若松] 5R 6選手 → 6件更新
  [若松] 6R 6選手 → 6件更新
  [若松] 7R 6選手 → 6件更新
  [若松] 8R [接続エラー #1] HTTPSConnectionPool(host='www.boatrace.jp', port=443): Max retries exceeded with
  [若松] 9R 6選手 → 6件更新
  [若松] 10R 6選手 → 6件更新
  [若松] 11R 6選手 → 6件更新
  [若松] 12R 6選手 → 6件更新
  [福岡] 1R 6選手 → 6件更新
  [福岡] 2R 6選手 → 6件更新
  [福岡] 3R 6選手 → 6件更新
  [福岡] 4R 6選手 → 6件更新
  [福岡] 5R 6選手 → 6件更新
  [福岡] 6R 6選手 → 6件更新
  [福岡] 7R 6選手 → 6件更新
  [福岡] 8R 6選手 → 6件更新
  [福岡] 9R 6選手 → 6件更新
  [福岡] 10R 6選手 → 6件更新
  [福岡] 11R 6選手 → 6件更新
  [福岡] 12R 6選手 → 6件更新
  [唐津] 1R 6選手 → 6件更新
  [唐津] 2R 6選手 → 6件更新
  [唐津] 3R 6選手 → 6件更新
  [唐津] 4R 6選手 → 6件更新
  [唐津] 5R 6選手 → 6件更新
  [唐津] 6R 6選手 → 6件更新
  [唐津] 7R 6選手 → 6件更新
  [唐津] 8R 6選手 → 6件更新
  [唐津] 9R 6選手 → 6件更新
  [唐津] 10R 6選手 → 6件更新
  [唐津] 11R 6選手 → 6件更新
  [唐津] 12R 6選手 → 6件更新
  [2026-07-12] 小計: 更新1146件 / データなし0件

  [休憩] 124秒 待機中...

[2026-07-13] 開催会場チェック中...
  → 13会場 (江戸川, 平和島, 多摩川, 浜名湖, 蒲郡, 津, 尼崎, 鳴門, 丸亀, 児島, 下関, 福岡, 唐津)
  [江戸川] 1R 6選手 → 6件更新
  [江戸川] 2R 6選手 → 6件更新
  [江戸川] 3R 6選手 → 6件更新
  [江戸川] 4R 6選手 → 6件更新
  [江戸川] 5R 6選手 → 6件更新
  [江戸川] 6R 6選手 → 6件更新
  [江戸川] 7R 6選手 → 6件更新
  [江戸川] 8R 6選手 → 6件更新
  [江戸川] 9R 6選手 → 6件更新
  [江戸川] 10R 6選手 → 6件更新
  [江戸川] 11R 6選手 → 6件更新
  [江戸川] 12R 6選手 → 6件更新
  [平和島] 1R 6選手 → 6件更新
  [平和島] 2R 6選手 → 6件更新
  [平和島] 3R 6選手 → 6件更新
  [平和島] 4R 6選手 → 6件更新
  [平和島] 5R 6選手 → 6件更新
  [平和島] 6R 6選手 → 6件更新
  [平和島] 7R 6選手 → 6件更新
  [平和島] 8R 6選手 → 6件更新
  [平和島] 9R 6選手 → 6件更新
  [平和島] 10R 6選手 → 6件更新
  [平和島] 11R 6選手 → 6件更新
  [平和島] 12R 6選手 → 6件更新
  [多摩川] 1R 6選手 → 6件更新
  [多摩川] 2R 6選手 → 6件更新
  [多摩川] 3R 6選手 → 6件更新
  [多摩川] 4R 6選手 → 6件更新
  [多摩川] 5R 6選手 → 6件更新
  [多摩川] 6R 6選手 → 6件更新
  [多摩川] 7R 6選手 → 6件更新
  [多摩川] 8R 6選手 → 6件更新
  [多摩川] 9R 6選手 → 6件更新
  [多摩川] 10R 6選手 → 6件更新
  [多摩川] 11R 6選手 → 6件更新
  [多摩川] 12R 6選手 → 6件更新
  [浜名湖] 1R 6選手 → 6件更新
  [浜名湖] 2R 6選手 → 6件更新
  [浜名湖] 3R 6選手 → 6件更新
  [浜名湖] 4R 6選手 → 6件更新
  [浜名湖] 5R 6選手 → 6件更新
  [浜名湖] 6R 6選手 → 6件更新
  [浜名湖] 7R 6選手 → 6件更新
  [浜名湖] 8R 6選手 → 6件更新
  [浜名湖] 9R 6選手 → 6件更新
  [浜名湖] 10R 6選手 → 6件更新
  [浜名湖] 11R 6選手 → 6件更新
  [浜名湖] 12R 6選手 → 6件更新
  [蒲郡] 1R 6選手 → 6件更新
  [蒲郡] 2R 6選手 → 6件更新
  [蒲郡] 3R 6選手 → 6件更新
  [蒲郡] 4R 6選手 → 6件更新
  [蒲郡] 5R 6選手 → 6件更新
  [蒲郡] 6R 6選手 → 6件更新
  [蒲郡] 7R 6選手 → 6件更新
  [蒲郡] 8R 6選手 → 6件更新
  [蒲郡] 9R 6選手 → 6件更新
  [蒲郡] 10R 6選手 → 6件更新
  [蒲郡] 11R 6選手 → 6件更新
  [蒲郡] 12R 6選手 → 6件更新
  [津] 1R 6選手 → 6件更新
  [津] 2R 6選手 → 6件更新
  [津] 3R 6選手 → 6件更新
  [津] 4R 6選手 → 6件更新
  [津] 5R 6選手 → 6件更新
  [津] 6R 6選手 → 6件更新
  [津] 7R 6選手 → 6件更新
  [津] 8R 6選手 → 6件更新
  [津] 9R 6選手 → 6件更新
  [津] 10R 6選手 → 6件更新
  [津] 11R 6選手 → 6件更新
  [津] 12R 6選手 → 6件更新
  [尼崎] 1R 6選手 → 6件更新
  [尼崎] 2R 6選手 → 6件更新
  [尼崎] 3R 6選手 → 6件更新
  [尼崎] 4R 6選手 → 6件更新
  [尼崎] 5R 6選手 → 6件更新
  [尼崎] 6R 6選手 → 6件更新
  [尼崎] 7R 6選手 → 6件更新
  [尼崎] 8R 6選手 → 6件更新
  [尼崎] 9R 6選手 → 6件更新
  [尼崎] 10R 6選手 → 6件更新
  [尼崎] 11R 6選手 → 6件更新
  [尼崎] 12R 6選手 → 6件更新
  [鳴門] 1R 6選手 → 6件更新
  [鳴門] 2R 6選手 → 6件更新
  [鳴門] 3R 6選手 → 6件更新
  [鳴門] 4R 6選手 → 6件更新
  [鳴門] 5R 6選手 → 6件更新
  [鳴門] 6R 6選手 → 6件更新
  [鳴門] 7R 6選手 → 6件更新
  [鳴門] 8R 6選手 → 6件更新
  [鳴門] 9R 6選手 → 6件更新
  [鳴門] 10R 6選手 → 6件更新
  [鳴門] 11R 6選手 → 6件更新
  [鳴門] 12R 6選手 → 6件更新
  [丸亀] 1R 6選手 → 6件更新
  [丸亀] 2R 6選手 → 6件更新
  [丸亀] 3R 6選手 → 6件更新
  [丸亀] 4R 6選手 → 6件更新
  [丸亀] 5R 6選手 → 6件更新
  [丸亀] 6R 6選手 → 6件更新
  [丸亀] 7R 6選手 → 6件更新
  [丸亀] 8R 6選手 → 6件更新
  [丸亀] 9R 6選手 → 6件更新
  [丸亀] 10R 6選手 → 6件更新
  [丸亀] 11R 6選手 → 6件更新
  [丸亀] 12R 6選手 → 6件更新
  [児島] 1R 6選手 → 6件更新
  [児島] 2R 6選手 → 6件更新
  [児島] 3R 6選手 → 6件更新
  [児島] 4R 6選手 → 6件更新
  [児島] 5R 6選手 → 6件更新
  [児島] 6R 6選手 → 6件更新
  [児島] 7R 6選手 → 6件更新
  [児島] 8R 6選手 → 6件更新
  [児島] 9R 6選手 → 6件更新
  [児島] 10R 6選手 → 6件更新
  [児島] 11R 6選手 → 6件更新
  [児島] 12R 6選手 → 6件更新
  [下関] 1R 6選手 → 6件更新
  [下関] 2R 6選手 → 6件更新
  [下関] 3R 6選手 → 6件更新
  [下関] 4R 6選手 → 6件更新
  [下関] 5R 6選手 → 6件更新
  [下関] 6R 6選手 → 6件更新
  [下関] 7R 6選手 → 6件更新
  [下関] 8R 6選手 → 6件更新
  [下関] 9R 6選手 → 6件更新
  [下関] 10R 6選手 → 6件更新
  [下関] 11R 6選手 → 6件更新
  [下関] 12R 6選手 → 6件更新
  [福岡] 1R 6選手 → 6件更新
  [福岡] 2R 6選手 → 6件更新
  [福岡] 3R 6選手 → 6件更新
  [福岡] 4R 6選手 → 6件更新
  [福岡] 5R 6選手 → 6件更新
  [福岡] 6R 6選手 → 6件更新
  [福岡] 7R 6選手 → 6件更新
  [福岡] 8R 6選手 → 6件更新
  [福岡] 9R 6選手 → 6件更新
  [福岡] 10R 6選手 → 6件更新
  [福岡] 11R 6選手 → 6件更新
  [福岡] 12R 6選手 → 6件更新
  [唐津] 1R 6選手 → 6件更新
  [唐津] 2R 6選手 → 6件更新
  [唐津] 3R 6選手 → 6件更新
  [唐津] 4R 6選手 → 6件更新
  [唐津] 5R 6選手 → 6件更新
  [唐津] 6R 6選手 → 6件更新
  [唐津] 7R 6選手 → 6件更新
  [唐津] 8R 6選手 → 6件更新
  [唐津] 9R 6選手 → 6件更新
  [唐津] 10R 6選手 → 6件更新
  [唐津] 11R 6選手 → 6件更新
  [唐津] 12R 6選手 → 6件更新
  [2026-07-13] 小計: 更新936件 / データなし0件

  [休憩] 106秒 待機中...

[2026-07-14] 開催会場チェック中...
  → 13会場 (桐生, 江戸川, 平和島, 多摩川, 浜名湖, 蒲郡, 津, 尼崎, 丸亀, 芦屋, 福岡, 唐津, 大村)
  [桐生] 1R 6選手 → 6件更新
  [桐生] 2R 6選手 → 6件更新
  [桐生] 3R 6選手 → 6件更新
  [桐生] 4R 6選手 → 6件更新
  [桐生] 5R 6選手 → 6件更新
  [桐生] 6R 6選手 → 6件更新
  [桐生] 7R 6選手 → 6件更新
  [桐生] 8R 6選手 → 6件更新
  [桐生] 9R 6選手 → 6件更新
  [桐生] 10R 6選手 → 6件更新
  [桐生] 11R 6選手 → 6件更新
  [桐生] 12R 6選手 → 6件更新
  [江戸川] 1R 6選手 → 6件更新
  [江戸川] 2R 6選手 → 6件更新
  [江戸川] 3R 6選手 → 6件更新
  [江戸川] 4R 6選手 → 6件更新
  [江戸川] 5R 6選手 → 6件更新
  [江戸川] 6R 6選手 → 6件更新
  [江戸川] 7R 6選手 → 6件更新
  [江戸川] 8R 6選手 → 6件更新
  [江戸川] 9R 6選手 → 6件更新
  [江戸川] 10R 6選手 → 6件更新
  [江戸川] 11R 6選手 → 6件更新
  [江戸川] 12R 6選手 → 6件更新
  [平和島] 1R 6選手 → 6件更新
  [平和島] 2R 6選手 → 6件更新
  [平和島] 3R 6選手 → 6件更新
  [平和島] 4R 6選手 → 6件更新
  [平和島] 5R 6選手 → 6件更新
  [平和島] 6R 6選手 → 6件更新
  [平和島] 7R 6選手 → 6件更新
  [平和島] 8R 6選手 → 6件更新
  [平和島] 9R 6選手 → 6件更新
  [平和島] 10R 6選手 → 6件更新
  [平和島] 11R 6選手 → 6件更新
  [平和島] 12R 6選手 → 6件更新
  [多摩川] 1R 6選手 → 6件更新
  [多摩川] 2R 6選手 → 6件更新
  [多摩川] 3R 6選手 → 6件更新
  [多摩川] 4R 6選手 → 6件更新
  [多摩川] 5R 6選手 → 6件更新
  [多摩川] 6R 6選手 → 6件更新
  [多摩川] 7R 6選手 → 6件更新
  [多摩川] 8R 6選手 → 6件更新
  [多摩川] 9R 6選手 → 6件更新
  [多摩川] 10R 6選手 → 6件更新
  [多摩川] 11R 6選手 → 6件更新
  [多摩川] 12R 6選手 → 6件更新
  [浜名湖] 1R 6選手 → 6件更新
  [浜名湖] 2R 6選手 → 6件更新
  [浜名湖] 3R 6選手 → 6件更新
  [浜名湖] 4R 6選手 → 6件更新
  [浜名湖] 5R 6選手 → 6件更新
  [浜名湖] 6R 6選手 → 6件更新
  [浜名湖] 7R 6選手 → 6件更新
  [浜名湖] 8R 6選手 → 6件更新
  [浜名湖] 9R 6選手 → 6件更新
  [浜名湖] 10R 6選手 → 6件更新
  [浜名湖] 11R 6選手 → 6件更新
  [浜名湖] 12R 6選手 → 6件更新
  [蒲郡] 1R 6選手 → 6件更新
  [蒲郡] 2R 6選手 → 6件更新
  [蒲郡] 3R 6選手 → 6件更新
  [蒲郡] 4R 6選手 → 6件更新
  [蒲郡] 5R 6選手 → 6件更新
  [蒲郡] 6R 6選手 → 6件更新
  [蒲郡] 7R 6選手 → 6件更新
  [蒲郡] 8R 6選手 → 6件更新
  [蒲郡] 9R 6選手 → 6件更新
  [蒲郡] 10R 6選手 → 6件更新
  [蒲郡] 11R 6選手 → 6件更新
  [蒲郡] 12R 6選手 → 6件更新
  [津] 1R 6選手 → 6件更新
  [津] 2R 6選手 → 6件更新
  [津] 3R 6選手 → 6件更新
  [津] 4R 6選手 → 6件更新
  [津] 5R 6選手 → 6件更新
  [津] 6R 6選手 → 6件更新
  [津] 7R 6選手 → 6件更新
  [津] 8R 6選手 → 6件更新
  [津] 9R 6選手 → 6件更新
  [津] 10R 6選手 → 6件更新
  [津] 11R 6選手 → 6件更新
  [津] 12R 6選手 → 6件更新
  [尼崎] 1R 6選手 → 6件更新
  [尼崎] 2R 6選手 → 6件更新
  [尼崎] 3R 6選手 → 6件更新
  [尼崎] 4R 6選手 → 6件更新
  [尼崎] 5R 6選手 → 6件更新
  [尼崎] 6R 6選手 → 6件更新
  [尼崎] 7R 6選手 → 6件更新
  [尼崎] 8R 6選手 → 6件更新
  [尼崎] 9R 6選手 → 6件更新
  [尼崎] 10R 6選手 → 6件更新
  [尼崎] 11R 6選手 → 6件更新
  [尼崎] 12R 6選手 → 6件更新
  [丸亀] 1R 6選手 → 6件更新
  [丸亀] 2R 6選手 → 6件更新
  [丸亀] 3R 6選手 → 6件更新
  [丸亀] 4R 6選手 → 6件更新
  [丸亀] 5R 6選手 → 6件更新
  [丸亀] 6R 6選手 → 6件更新
  [丸亀] 7R 6選手 → 6件更新
  [丸亀] 8R 6選手 → 6件更新
  [丸亀] 9R 6選手 → 6件更新
  [丸亀] 10R 6選手 → 6件更新
  [丸亀] 11R 6選手 → 6件更新
  [丸亀] 12R 6選手 → 6件更新
  [芦屋] 1R 6選手 → 6件更新
  [芦屋] 2R 6選手 → 6件更新
  [芦屋] 3R 6選手 → 6件更新
  [芦屋] 4R 6選手 → 6件更新
  [芦屋] 5R 6選手 → 6件更新
  [芦屋] 6R 6選手 → 6件更新
  [芦屋] 7R 6選手 → 6件更新
  [芦屋] 8R 6選手 → 6件更新
  [芦屋] 9R 6選手 → 6件更新
  [芦屋] 10R 6選手 → 6件更新
  [芦屋] 11R 6選手 → 6件更新
  [芦屋] 12R 6選手 → 6件更新
  [福岡] 1R 6選手 → 6件更新
  [福岡] 2R 6選手 → 6件更新
  [福岡] 3R 6選手 → 6件更新
  [福岡] 4R 6選手 → 6件更新
  [福岡] 5R 6選手 → 6件更新
  [福岡] 6R 6選手 → 6件更新
  [福岡] 7R 6選手 → 6件更新
  [福岡] 8R 6選手 → 6件更新
  [福岡] 9R 6選手 → 6件更新
  [福岡] 10R 6選手 → 6件更新
  [福岡] 11R 6選手 → 6件更新
  [福岡] 12R 6選手 → 6件更新
  [唐津] 1R 6選手 → 6件更新
  [唐津] 2R 6選手 → 6件更新
  [唐津] 3R 6選手 → 6件更新
  [唐津] 4R 6選手 → 6件更新
  [唐津] 5R 6選手 → 6件更新
  [唐津] 6R 6選手 → 6件更新
  [唐津] 7R 6選手 → 6件更新
  [唐津] 8R 6選手 → 6件更新
  [唐津] 9R 6選手 → 6件更新
  [唐津] 10R 6選手 → 6件更新
  [唐津] 11R 6選手 → 6件更新
  [唐津] 12R 6選手 → 6件更新
  [大村] 1R 6選手 → 6件更新
  [大村] 2R 6選手 → 6件更新
  [大村] 3R 6選手 → 6件更新
  [大村] 4R 6選手 → 6件更新
  [大村] 5R 6選手 → 6件更新
  [大村] 6R 6選手 → 6件更新
  [大村] 7R 6選手 → 6件更新
  [大村] 8R 6選手 → 6件更新
  [大村] 9R 6選手 → 6件更新
  [大村] 10R 6選手 → 6件更新
  [大村] 11R 6選手 → 6件更新
  [大村] 12R 6選手 → 6件更新
  [2026-07-14] 小計: 更新936件 / データなし0件

============================================================
【完了】全日付の処理が完了しました
  entries更新: 8340件
  データなし(beforeinfo未公開): 36件

【日別結果】
日付             会場数   entries更新      データなし
------------------------------------------
2026-07-06      14         792         36
2026-07-07      12         864          0
2026-07-08      11         792          0
2026-07-09      12         864          0
2026-07-10      13         930          0
2026-07-11      15        1080          0
2026-07-12      16        1146          0
2026-07-13      13         936          0
2026-07-14      13         936          0

beforeinfo バックフィル 完了: 2026-07-31 00:47:25
============================================================
